###############################################################################
#                                                                             #
# IAR ELF Linker V1.30.1.50036 for STM8                 31/May/2013  15:41:36 #
# Copyright 2010-2011 IAR Systems AB.                                         #
#                                                                             #
#    Output file  =  C:\Users\Administrator\Desktop\ÎÒµÄ³ÌÐò\STM8\1²Ù×÷¼Ä´æÆ÷ #
#                    \11AD×ª»»ÊµÑé\Debug\Exe\AD×ª»».out                       #
#    Map file     =  C:\Users\Administrator\Desktop\ÎÒµÄ³ÌÐò\STM8\1²Ù×÷¼Ä´æÆ÷ #
#                    \11AD×ª»»ÊµÑé\Debug\List\AD×ª»».map                      #
#    Command line =  C:\Users\Administrator\Desktop\ÎÒµÄ³ÌÐò\STM8\1²Ù×÷¼Ä´æÆ÷ #
#                    \11AD×ª»»ÊµÑé\Debug\Obj\UART.o                           #
#                    C:\Users\Administrator\Desktop\ÎÒµÄ³ÌÐò\STM8\1²Ù×÷¼Ä´æÆ÷ #
#                    \11AD×ª»»ÊµÑé\Debug\Obj\main.o --redirect                #
#                    _Scanf=_ScanfSmall -o C:\Users\Administrator\Desktop\ÎÒµ #
#                    Ä³ÌÐò\STM8\1²Ù×÷¼Ä´æÆ÷\11AD×ª»»ÊµÑé\Debug\Exe\AD×ª»».out #
#                     --map C:\Users\Administrator\Desktop\ÎÒµÄ³ÌÐò\STM8\1²Ù× #
#                    ÷¼Ä´æÆ÷\11AD×ª»»ÊµÑé\Debug\List\AD×ª»».map --config      #
#                    H:\Ñ§Ï°Èí¼þ\Èí¼þDATA\IAR1.30\stm8\config\lnkstm8s105s4.i #
#                    cf --config_def _CSTACK_SIZE=0x100 --config_def          #
#                    _HEAP_SIZE=0x100 --entry __iar_program_start --debug_lib #
#                                                                             #
#                                                                             #
###############################################################################

*******************************************************************************
*** RUNTIME MODEL ATTRIBUTES
***

__Heap_Handler             = Basic
__SystemLibrary            = DLib
__code_model               = small
__core                     = stm8
__data_model               = medium
__dlib_file_descriptor     = 1
__dlib_full_locale_support = 1
__rt_version               = 4


*******************************************************************************
*** RESERVED RANGES
***

Ranges reserved by absolute symbols:
   [0x005241-0x005241]
   [0x005242-0x005242]
   [0x005243-0x005243]
   [0x005404-0x005404]
   [0x005405-0x005405]
   [0x005406-0x005406]
   [0x005408-0x005408]
   [0x00540a-0x00540a]


*******************************************************************************
*** PLACEMENT SUMMARY
***

"A1":  place at start of [0x000000-0x0000ff] { rw section .vregs };
"A2":  place at end of [0x000000-0x0007ff] { block CSTACK };
"P2":  place in [from 0x000000 to 0x0007ff] {
          block HEAP, rw section .far.bss, rw section .far.data,
          rw section .far.noinit, rw section .far_func.textrw,
          rw section .huge.bss, rw section .huge.data, rw section .huge.noinit,
          rw section .huge_func.textrw, rw section .iar.dynexit,
          rw section .near.bss, rw section .near.data, rw section .near.noinit,
          rw section .near_func.textrw };
"A3":  place at start of [0x008000-0x00bfff] { block INTVEC };
"P3":  place in [from 0x008000 to 0x00bfff] {
          ro section .far.data_init, ro section .far_func.textrw_init,
          ro section .huge.data_init, ro section .huge_func.textrw_init,
          ro section .iar.init_table, ro section .init_array,
          ro section .near.data_init, ro section .near.rodata,
          ro section .near_func.text, ro section .near_func.textrw_init,
          ro section .tiny.data_init, ro section .tiny.rodata_init };

  Section            Kind      Address    Size  Object
  -------            ----      -------    ----  ------
"A1":                                      0xc
  .vregs             uninit   0x000000     0xc  vregs.o [4]
                            - 0x00000c     0xc

"P2", part 1 of 3:                        0x56
  P2 s0                       0x00000c    0x56  <Init block>
    .near.data       inited   0x00000c    0x2e  localeconv.o [4]
    .near.data       inited   0x00003a    0x28  xfiles.o [4]
                            - 0x000062    0x56

"P2", part 2 of 3:                        0x6f
  .near.bss          zero     0x000062    0x50  xfiles.o [4]
  .near.bss          zero     0x0000b2     0xe  setlocale.o [4]
  .near.bss          zero     0x0000c0     0x4  main.o [1]
  .near.bss          zero     0x0000c4     0x4  xxmemxmalloc.o [4]
  .near.bss          zero     0x0000c8     0x2  main.o [1]
  .near.bss          zero     0x0000ca     0x2  localeconv.o [4]
  .near.bss          zero     0x0000cc     0x2  setlocale.o [4]
  .near.bss          zero     0x0000ce     0x2  xgetmemchunk.o [4]
  .near.bss          zero     0x0000d0     0x1  main.o [1]
                            - 0x0000d1    0x6f

"P2", part 3 of 3:                       0x100
  HEAP                        0x0000d1   0x100  <Block>
    HEAP             uninit   0x0000d1   0x100  <Block tail>
                            - 0x0001d1   0x100

"A2":                                    0x100
  CSTACK                      0x000700   0x100  <Block>
    CSTACK           uninit   0x000700   0x100  <Block tail>
                            - 0x000800   0x100

"A3":                                     0x80
  INTVEC                      0x008000    0x80  <Block>
    .intvec          const    0x008000    0x80  interrupt.o [4]
                            - 0x008080    0x80

"P3":                                   0x226a
  .near_func.text    ro code  0x008080   0x4b9  xprintffull.o [4]
  .near_func.text    ro code  0x008539   0x483  float.o [4]
  .near_func.text    ro code  0x0089bc   0x428  xprintffull.o [4]
  .near_func.text    ro code  0x008de4   0x389  xprintffull.o [4]
  .near_func.text    ro code  0x00916d   0x1e1  xprintffull.o [4]
  .near_func.text    ro code  0x00934e   0x1b7  long.o [4]
  .near_func.text    ro code  0x009505   0x171  xprintffull.o [4]
  .near_func.text    ro code  0x009676   0x161  float_libsup.o [4]
  .near_func.text    ro code  0x0097d7   0x107  vreg_util.o [4]
  .near_func.text    ro code  0x0098de    0xe4  xxmemxfree.o [4]
  .near_func.text    ro code  0x0099c2    0x96  xxmemxmalloc.o [4]
  .near_func.text    ro code  0x009a58    0x7c  main.o [1]
  .near_func.text    ro code  0x009ad4    0x72  long_util.o [4]
  .near_func.text    ro code  0x009b46    0x5f  xxmemxmalloc.o [4]
  .near_func.text    ro code  0x009ba5    0x43  xprintffull.o [4]
  .near_func.text    ro code  0x009be8    0x3f  xprintffull.o [4]
  .near_func.text    const    0x009c27    0x3c  xprintffull.o [4]
  .near_func.text    ro code  0x009c63    0x3a  main.o [1]
  .near_func.text    ro code  0x009c9d    0x37  short.o [4]
  .near_func.text    ro code  0x009cd4    0x36  main.o [1]
  .near_func.text    ro code  0x009d0a    0x33  xprintffull.o [4]
  .near_func.text    ro code  0x009d3d    0x32  xprintffull.o [4]
  .near_func.text    ro code  0x009d6f    0x31  UART.o [1]
  .near_func.text    ro code  0x009da0    0x31  xprintffull.o [4]
  .near_func.text    ro code  0x009dd1    0x30  div.o [4]
  .near_func.text    ro code  0x009e01    0x2f  xencoding_sb.o [4]
  .near_func.text    ro code  0x009e30    0x28  init_small.o [4]
  .near_func.text    ro code  0x009e58    0x25  memcpy.o [4]
  .near_func.text    ro code  0x009e7d    0x22  xgetmemchunk.o [4]
  .near_func.text    ro code  0x009e9f    0x21  xmbtowc.o [4]
  .iar.init_table    const    0x009ec0    0x12  - Linker created -
  .near_func.text    ro code  0x009ed2    0x20  main.o [1]
  .near_func.text    ro code  0x009ef2    0x20  printf.o [4]
  .near_func.text    ro code  0x009f12    0x1f  dc_util.o [4]
  .near_func.text    ro code  0x009f31    0x1e  xprintffull.o [4]
  .near_func.text    ro code  0x009f4f    0x1e  init_small.o [4]
  .near_func.text    ro code  0x009f6d    0x1d  xprintffull.o [4]
  .near_func.text    ro code  0x009f8a    0x1c  xwctomb.o [4]
  .near_func.text    ro code  0x009fa6    0x19  xprintffull.o [4]
  .near_func.text    ro code  0x009fbf    0x19  xprout.o [4]
  .near.rodata       const    0x009fd8    0x18  main.o [1]
  .near_func.text    ro code  0x009ff0    0x18  xencoding_sb.o [4]
  .near_func.text    ro code  0x00a008    0x17  init.o [4]
  .near_func.text    ro code  0x00a01f    0x15  memchr.o [4]
  .near_func.text    ro code  0x00a034    0x15  strchr.o [4]
  .near_func.text    ro code  0x00a049    0x14  __dbg_xxexit.o [3]
  .near_func.text    ro code  0x00a05d    0x13  main.o [1]
  .near_func.text    ro code  0x00a070    0x13  cstartup.o [4]
  .near_func.text    ro code  0x00a083    0x13  xprintffull.o [4]
  .near_func.text    ro code  0x00a096    0x12  xprintffull.o [4]
  .near_func.text    ro code  0x00a0a8    0x12  strlen.o [4]
  .near_func.text    ro code  0x00a0ba     0xd  move.o [4]
  .near_func.text    ro code  0x00a0c7     0xd  localeconv.o [4]
  .near_func.text    ro code  0x00a0d4     0xc  xprintffull.o [4]
  .near_func.text    ro code  0x00a0e0     0xc  switch.o [4]
  .near_func.text    ro code  0x00a0ec     0xc  setlocale.o [4]
  .near_func.text    ro code  0x00a0f8     0xb  xprintffull.o [4]
  .near_func.text    ro code  0x00a103     0xb  xprintffull.o [4]
  .near_func.text    ro code  0x00a10e     0xa  UART.o [1]
  .near_func.text    ro code  0x00a118     0xa  xprintffull.o [4]
  .near_func.text    ro code  0x00a122     0xa  xprintffull.o [4]
  .near_func.text    ro code  0x00a12c     0xa  xprintffull.o [4]
  .near_func.text    ro code  0x00a136     0xa  xprintffull.o [4]
  .near_func.text    ro code  0x00a140     0xa  xprintffull.o [4]
  .near_func.text    ro code  0x00a14a     0xa  xprintffull.o [4]
  .near_func.text    ro code  0x00a154     0x9  xprintffull.o [4]
  .near_func.text    ro code  0x00a15d     0x9  xprintffull.o [4]
  .near_func.text    ro code  0x00a166     0x9  xprintffull.o [4]
  .near_func.text    ro code  0x00a16f     0x9  xprintffull.o [4]
  .near_func.text    ro code  0x00a178     0x9  xprintffull.o [4]
  .near_func.text    ro code  0x00a181     0x9  xprintffull.o [4]
  .near_func.text    ro code  0x00a18a     0x9  xprintffull.o [4]
  .near_func.text    ro code  0x00a193     0x9  xprintffull.o [4]
  .near_func.text    ro code  0x00a19c     0x9  xprintffull.o [4]
  .near.rodata       const    0x00a1a5     0x8  xprintffull.o [4]
  .near.rodata       const    0x00a1ad     0x8  xprintffull.o [4]
  .near.rodata       const    0x00a1b5     0x8  xencoding_sb.o [4]
  .near.rodata       const    0x00a1bd     0x8  xencoding_sb.o [4]
  .near_func.text    ro code  0x00a1c5     0x8  xprintffull.o [4]
  .near_func.text    ro code  0x00a1cd     0x8  xprintffull.o [4]
  .near_func.text    ro code  0x00a1d5     0x8  xprintffull.o [4]
  .near_func.text    ro code  0x00a1dd     0x8  xprintffull.o [4]
  .near_func.text    ro code  0x00a1e5     0x8  xprintffull.o [4]
  .near_func.text    ro code  0x00a1ed     0x8  xxmemxmalloc.o [4]
  .near.rodata       const    0x00a1f5     0x7  xprintffull.o [4]
  .near_func.text    ro code  0x00a1fc     0x7  xprintffull.o [4]
  .near_func.text    ro code  0x00a203     0x7  xprintffull.o [4]
  .near_func.text    ro code  0x00a20a     0x7  xprintffull.o [4]
  .near_func.text    ro code  0x00a211     0x7  xprintffull.o [4]
  .near_func.text    ro code  0x00a218     0x7  xxmemxmalloc.o [4]
  .near_func.text    ro code  0x00a21f     0x7  putchar.o [4]
  .near.rodata       const    0x00a226     0x6  localeconv.o [4]
  .near_func.text    ro code  0x00a22c     0x6  xprintffull.o [4]
  .near_func.text    ro code  0x00a232     0x6  xprintffull.o [4]
  .near_func.text    ro code  0x00a238     0x6  xprintffull.o [4]
  .near_func.text    ro code  0x00a23e     0x6  xprintffull.o [4]
  .near_func.text    ro code  0x00a244     0x6  xprintffull.o [4]
  .near_func.text    ro code  0x00a24a     0x6  xmbcurmax.o [4]
  .near.rodata       const    0x00a250     0x5  localeconv.o [4]
  .near_func.text    ro code  0x00a255     0x5  main.o [1]
  .near_func.text    ro code  0x00a25a     0x5  xprintffull.o [4]
  .near_func.text    ro code  0x00a25f     0x5  xprintffull.o [4]
  .near_func.text    ro code  0x00a264     0x5  xprintffull.o [4]
  .near_func.text    ro code  0x00a269     0x5  cexit.o [4]
  .near.rodata       const    0x00a26e     0x4  xprintffull.o [4]
  .near.rodata       const    0x00a272     0x4  xprintffull.o [4]
  .near.rodata       const    0x00a276     0x4  xprintffull.o [4]
  .near.rodata       const    0x00a27a     0x4  xprintffull.o [4]
  .near_func.text    ro code  0x00a27e     0x4  setlocale.o [4]
  .near_func.text    ro code  0x00a282     0x3  interrupt.o [4]
  .near_func.text    ro code  0x00a285     0x3  low_level_init.o [4]
  .near_func.text    ro code  0x00a288     0x3  exit.o [4]
  .near_func.text    ro code  0x00a28b     0x3  unhandled_exception.o [4]
  .near.rodata       const    0x00a28e     0x2  xprintffull.o [4]
  .near.rodata       const    0x00a290     0x2  localeconv.o [4]
  .near.rodata       const    0x00a292     0x1  localeconv.o [4]
  .near_func.text    ro code  0x00a293     0x1  __dbg_break.o [3]
  Initializer bytes  ro data  0x00a294    0x56  <for P2 s0>
                            - 0x00a2ea  0x226a


*******************************************************************************
*** INIT TABLE
***

          Address   Size
          -------   ----
Zero (__iar_zero_init2)
    1 destination range, total size 0x6f:
          0x000062  0x6f

Copy (__iar_copy_init2)
    1 source range, total size 0x56:
          0x00a294  0x56
    1 destination range, total size 0x56:
          0x00000c  0x56


*******************************************************************************
*** MODULE SUMMARY
***

    Module                 ro code  ro data  rw data
    ------                 -------  -------  -------
C:\Users\Administrator\Desktop\ÎÒµÄ³ÌÐò\STM8\1²Ù×÷¼Ä´æÆ÷\11AD×ª»»ÊµÑé\Debug\Obj: [1]
    UART.o                      59
    main.o                     292       24        7
    ------------------------------------------------
    Total:                     351       24        7

command line: [2]
    ------------------------------------------------
    Total:

dbgstm8smd.a: [3]
    __dbg_break.o                1
    __dbg_xxexit.o              20
    ------------------------------------------------
    Total:                      21

dlstm8smf.a: [4]
    cexit.o                      5
    cstartup.o                  19
    dc_util.o                   31
    div.o                       48
    exit.o                       3
    float.o                  1 155
    float_libsup.o             353
    init.o                      23
    init_small.o                70
    interrupt.o                  3      128
    localeconv.o                13       60       48
    long.o                     439
    long_util.o                114
    low_level_init.o             3
    memchr.o                    21
    memcpy.o                    37
    move.o                      13
    printf.o                    32
    putchar.o                    7
    setlocale.o                 16                16
    short.o                     55
    strchr.o                    21
    strlen.o                    18
    switch.o                    12
    unhandled_exception.o        3
    vreg_util.o                263
    vregs.o                                       12
    xencoding_sb.o              71       16
    xfiles.o                             40      120
    xgetmemchunk.o              34                 2
    xmbcurmax.o                  6
    xmbtowc.o                   33
    xprintffull.o            4 717      101
    xprout.o                    25
    xwctomb.o                   28
    xxmemxfree.o               228
    xxmemxmalloc.o             260                 4
    ------------------------------------------------
    Total:                   8 179      345      202

    Linker created                       18      512
----------------------------------------------------
    Grand Total:             8 551      387      721


*******************************************************************************
*** ENTRY LIST
***

Entry                    Address   Size  Type      Object
-----                    -------   ----  ----      ------
?and32_l0_l0_0x         0x0094c0         Code  Gb  long.o [4]
?and32_l0_l0_l1         0x0094bd         Code  Gb  long.o [4]
?b0                     0x000000         Data  Gb  vregs.o [4]
?b1                     0x000001         Data  Gb  vregs.o [4]
?b10                    0x00000a         Data  Gb  vregs.o [4]
?b11                    0x00000b         Data  Gb  vregs.o [4]
?b2                     0x000002         Data  Gb  vregs.o [4]
?b3                     0x000003         Data  Gb  vregs.o [4]
?b4                     0x000004         Data  Gb  vregs.o [4]
?b5                     0x000005         Data  Gb  vregs.o [4]
?b6                     0x000006         Data  Gb  vregs.o [4]
?b7                     0x000007         Data  Gb  vregs.o [4]
?b8                     0x000008         Data  Gb  vregs.o [4]
?b9                     0x000009         Data  Gb  vregs.o [4]
?dc32_l1                0x009f19         Code  Gb  dc_util.o [4]
?dc32_px                0x009f26         Code  Gb  dc_util.o [4]
?dc8_px                 0x009f12         Code  Gb  dc_util.o [4]
?e0                     0x000001         Data  Gb  vregs.o [4]
?e1                     0x000005         Data  Gb  vregs.o [4]
?e2                     0x000009         Data  Gb  vregs.o [4]
?epilogue_l2            0x00985d         Code  Gb  vreg_util.o [4]
?epilogue_w4            0x009861         Code  Gb  vreg_util.o [4]
?fadd32_l0_l0_l1        0x00855c         Code  Gb  float.o [4]
?fcastf32s32_l0_l0      0x008877         Code  Gb  float.o [4]
?fcastf32u16_l0_x       0x0087e1         Code  Gb  float.o [4]
?fcastf32u32_l0_l0      0x008882         Code  Gb  float.o [4]
?fcasts32f32_l0_l0      0x008816         Code  Gb  float.o [4]
?fcastu32f32_l0_l0      0x0087ff         Code  Gb  float.o [4]
?fcmpge32_c_l0_0x       0x008782         Code  Gb  float.o [4]
?fcmpge32_c_l0_dc32     0x00877d         Code  Gb  float.o [4]
?fcmplt32_c_l0_0x       0x00878b         Code  Gb  float.o [4]
?fcmplt32_c_l0_dc32     0x008786         Code  Gb  float.o [4]
?fdiv32_l0_l0_dc32      0x0086ca         Code  Gb  float.o [4]
?fdiv32_l0_l0_l1        0x0086cf         Code  Gb  float.o [4]
?fmul32_l0_l0_dc32      0x00862a         Code  Gb  float.o [4]
?fmul32_l0_l0_l1        0x00862f         Code  Gb  float.o [4]
?fsub32_l0_l0_l1        0x008556         Code  Gb  float.o [4]
?l0                     0x000000         Data  Gb  vregs.o [4]
?l1                     0x000004         Data  Gb  vregs.o [4]
?l2                     0x000008         Data  Gb  vregs.o [4]
?load32_0x_l0           0x009b19         Code  Gb  long_util.o [4]
?load32_0x_l2           0x009b38         Code  Gb  long_util.o [4]
?load32_asp_l0          0x009b0d         Code  Gb  long_util.o [4]
?load32_asp_l2          0x009b2c         Code  Gb  long_util.o [4]
?load32_dbsp_l0         0x009b08         Code  Gb  long_util.o [4]
?load32_dbsp_l2         0x009b27         Code  Gb  long_util.o [4]
?load32_l0_0x           0x009ae4         Code  Gb  long_util.o [4]
?load32_l0_asp          0x009ad9         Code  Gb  long_util.o [4]
?load32_l0_dbsp         0x009ad4         Code  Gb  long_util.o [4]
?load32_l0_xsp          0x009adb         Code  Gb  long_util.o [4]
?load32_l1_0x           0x009af0         Code  Gb  long_util.o [4]
?load32_l2_0x           0x009afc         Code  Gb  long_util.o [4]
?load32_xsp_l0          0x009b0f         Code  Gb  long_util.o [4]
?load32_xsp_l2          0x009b2e         Code  Gb  long_util.o [4]
?mov_e0_e1              0x0098a0         Code  Gb  vreg_util.o [4]
?mov_e0_e2              0x0098ad         Code  Gb  vreg_util.o [4]
?mov_e1_e0              0x0098ba         Code  Gb  vreg_util.o [4]
?mov_e1_e2              0x0098c7         Code  Gb  vreg_util.o [4]
?mov_e2_e0              0x0098d4         Code  Gb  vreg_util.o [4]
?mov_l0_l1              0x00989d         Code  Gb  vreg_util.o [4]
?mov_l0_l2              0x0098aa         Code  Gb  vreg_util.o [4]
?mov_l1_l0              0x0098b7         Code  Gb  vreg_util.o [4]
?mov_l1_l2              0x0098c4         Code  Gb  vreg_util.o [4]
?mov_l2_l0              0x0098d1         Code  Gb  vreg_util.o [4]
?mov_w0_w4              0x009865         Code  Gb  vreg_util.o [4]
?mov_w0_w5              0x00986c         Code  Gb  vreg_util.o [4]
?mov_w1_w3              0x0098a3         Code  Gb  vreg_util.o [4]
?mov_w1_w4              0x009873         Code  Gb  vreg_util.o [4]
?mov_w1_w5              0x0098b0         Code  Gb  vreg_util.o [4]
?mov_w2_w0              0x00987a         Code  Gb  vreg_util.o [4]
?mov_w2_w1              0x009881         Code  Gb  vreg_util.o [4]
?mov_w3_w1              0x0098bd         Code  Gb  vreg_util.o [4]
?mov_w3_w5              0x0098ca         Code  Gb  vreg_util.o [4]
?mov_w4_w0              0x009888         Code  Gb  vreg_util.o [4]
?mov_w4_w1              0x00988f         Code  Gb  vreg_util.o [4]
?mov_w5_w0              0x009896         Code  Gb  vreg_util.o [4]
?mov_w5_w1              0x0098d7         Code  Gb  vreg_util.o [4]
?move1616_v_x_y_a       0x00a0ba         Code  Gb  move.o [4]
?mul16_x_x_w0           0x009c9d         Code  Gb  short.o [4]
?mul32_l0_l0_0x         0x009361         Code  Gb  long.o [4]
?mul32_l0_l0_dl         0x00935e         Code  Gb  long.o [4]
?mul32_l0_l0_l1         0x00936a         Code  Gb  long.o [4]
?neg32_l0_l0            0x00934e         Code  Gb  long.o [4]
?pop_l0                 0x009834         Code  Gb  vreg_util.o [4]
?pop_l1                 0x00983f         Code  Gb  vreg_util.o [4]
?pop_l2                 0x00984a         Code  Gb  vreg_util.o [4]
?pop_w4                 0x0097f9         Code  Gb  vreg_util.o [4]
?push_l0                0x009808         Code  Gb  vreg_util.o [4]
?push_l1                0x00980d         Code  Gb  vreg_util.o [4]
?push_l2                0x009812         Code  Gb  vreg_util.o [4]
?push_w0                0x0097d7         Code  Gb  vreg_util.o [4]
?push_w1                0x0097dc         Code  Gb  vreg_util.o [4]
?push_w4                0x0097e1         Code  Gb  vreg_util.o [4]
?scmp32_c_l0_l1         0x0094a6         Code  Gb  long.o [4]
?sdiv16_x_x_y           0x009cbb         Code  Gb  short.o [4]
?sdiv32_l0_l0_dl        0x00945d         Code  Gb  long.o [4]
?sdiv32_l0_l0_l1        0x009460         Code  Gb  long.o [4]
?sext32_l0_a            0x0094f8         Code  Gb  long.o [4]
?sext32_l0_x            0x0094ed         Code  Gb  long.o [4]
?smod32_l1_l0_l1        0x009460         Code  Gb  long.o [4]
?sra32_0x_0x_a          0x0094df         Code  Gb  long.o [4]
?sra32_l0_l0_a          0x0094dc         Code  Gb  long.o [4]
?sra32_l0_l0_db         0x0094d8         Code  Gb  long.o [4]
?switch8vlt_0x_a_0x     0x00a0e0         Code  Gb  switch.o [4]
?udiv32_l0_l0_dl        0x0093ed         Code  Gb  long.o [4]
?udiv32_l0_l0_l1        0x0093f0         Code  Gb  long.o [4]
?umod32_l1_l0_dl        0x0093e8         Code  Gb  long.o [4]
?umod32_l1_l0_l1        0x0093f0         Code  Gb  long.o [4]
?w0                     0x000000         Data  Gb  vregs.o [4]
?w1                     0x000002         Data  Gb  vregs.o [4]
?w2                     0x000004         Data  Gb  vregs.o [4]
?w3                     0x000006         Data  Gb  vregs.o [4]
?w4                     0x000008         Data  Gb  vregs.o [4]
?w5                     0x00000a         Data  Gb  vregs.o [4]
ADC2_IRQHandler         0x009a58   0x7c  Code  Gb  main.o [1]
ADC_DRH {Abs}         0x00005404    0x1  Data  Wk  main.o [1]
ADC_DRL {Abs}         0x00005405    0x1  Data  Wk  main.o [1]
ADC_HTRH {Abs}        0x00005408    0x1  Data  Wk  main.o [1]
ADC_Init                0x009c63   0x3a  Code  Gb  main.o [1]
ADC_LTRH {Abs}        0x0000540a    0x1  Data  Wk  main.o [1]
ADC_TDRH {Abs}        0x00005406    0x1  Data  Wk  main.o [1]
CLK_Init                0x00a255    0x5  Code  Gb  main.o [1]
CSTACK$$Base            0x000700          --   Gb  - Linker created -
CSTACK$$Limit           0x000800          --   Gb  - Linker created -
Current_AD_Conversion_Value
                        0x0000c0    0x4  Data  Gb  main.o [1]
Current_AD_Value        0x0000c8    0x2  Data  Gb  main.o [1]
Get_AD_Value            0x009cd4   0x36  Code  Gb  main.o [1]
HEAP$$Base              0x0000d1          --   Gb  - Linker created -
HEAP$$Limit             0x0001d1          --   Gb  - Linker created -
INTVEC$$Base            0x008000          --   Gb  - Linker created -
INTVEC$$Limit           0x008080          --   Gb  - Linker created -
LoadInt                 0x009be8   0x3f  Code  Lc  xprintffull.o [4]
Region$$Table$$Base     0x009ec0          --   Gb  - Linker created -
Region$$Table$$Limit    0x009ed2          --   Gb  - Linker created -
UART2_BRR1 {Abs}      0x00005242    0x1  Data  Wk  UART.o [1]
UART2_BRR2 {Abs}      0x00005243    0x1  Data  Wk  UART.o [1]
UART2_DR {Abs}        0x00005241    0x1  Data  Wk  UART.o [1]
UART2_Init              0x009d6f   0x31  Code  Gb  UART.o [1]
Watch_Flag              0x0000d0    0x1  Data  Gb  main.o [1]
_EncodingSb_Mbtowc      0x009e01   0x2f  Code  Gb  xencoding_sb.o [4]
_EncodingSb_Wctomb      0x009ff0   0x18  Code  Gb  xencoding_sb.o [4]
_GenldDefault           0x008de4  0x389  Code  Lc  xprintffull.o [4]
_LdtobDefault           0x0089bc  0x428  Code  Lc  xprintffull.o [4]
_LitobDefault           0x009505  0x171  Code  Lc  xprintffull.o [4]
_LocaleEncoding         0x00a0ec    0xc  Code  Gb  setlocale.o [4]
_Locale_Profile         0x0000b2    0xe  Data  Gb  setlocale.o [4]
_Locale_lconv           0x00000c   0x2e  Data  Gb  localeconv.o [4]
_Mbtowc                 0x009e9f   0x21  Code  Gb  xmbtowc.o [4]
_Printf                 0x008080  0x4b9  Code  Gb  xprintffull.o [4]
_Prout                  0x009fbf   0x19  Code  Gb  xprout.o [4]
_PutcharDefault         0x009d0a   0x33  Code  Lc  xprintffull.o [4]
_PutcharsDefault        0x009da0   0x31  Code  Lc  xprintffull.o [4]
_PutstrDefault          0x00916d  0x1e1  Code  Lc  xprintffull.o [4]
_Wctomb                 0x009f8a   0x1c  Code  Gb  xwctomb.o [4]
__DebugBreak            0x00a293    0x1  Code  Gb  __dbg_break.o [3]
__exit                  0x00a049   0x14  Code  Gb  __dbg_xxexit.o [3]
__iar_Dnorm             0x009676         Code  Gb  float_libsup.o [4]
__iar_Dscale            0x009704         Code  Gb  float_libsup.o [4]
__iar_Dunscale          0x0096b2         Code  Gb  float_libsup.o [4]
__iar_Mbcurmax          0x00a24a    0x6  Code  Gb  xmbcurmax.o [4]
__iar_Memchr            0x00a01f   0x15  Code  Gb  memchr.o [4]
__iar_Stdout            0x00003a   0x28  Data  Gb  xfiles.o [4]
__iar_Strchr            0x00a034   0x15  Code  Gb  strchr.o [4]
__iar_Tls_setup__Locale_Profile
                        0x0000cc    0x2  Data  Gb  setlocale.o [4]
__iar_Tls_setup__Locale_lconv
                        0x0000ca    0x2  Data  Gb  localeconv.o [4]
__iar_copy_init2        0x009e30         Code  Gb  init_small.o [4]
__iar_data_init2        0x00a008   0x17  Code  Gb  init.o [4]
__iar_program_start     0x00a070         Code  Gb  cstartup.o [4]
__iar_unhandled_exception
                        0x00a28b         Code  Gb  unhandled_exception.o [4]
__iar_zero_init2        0x009f4f         Code  Gb  init_small.o [4]
__intvec                0x008000         Data  Gb  interrupt.o [4]
__low_level_init        0x00a285    0x3  Code  Gb  low_level_init.o [4]
__near_Aldata           0x0000c4    0x4  Data  Gb  xxmemxmalloc.o [4]
__near_GetMemChunk      0x009e7d   0x22  Code  Gb  xgetmemchunk.o [4]
__near_findmem          0x009b46   0x5f  Code  Lc  xxmemxmalloc.o [4]
_exit                   0x00a269         Code  Gb  cexit.o [4]
_interrupt_1            0x00a282         Code  Wk  interrupt.o [4]
_interrupt_10           0x00a282         Code  Wk  interrupt.o [4]
_interrupt_11           0x00a282         Code  Wk  interrupt.o [4]
_interrupt_12           0x00a282         Code  Wk  interrupt.o [4]
_interrupt_13           0x00a282         Code  Wk  interrupt.o [4]
_interrupt_14           0x00a282         Code  Wk  interrupt.o [4]
_interrupt_15           0x00a282         Code  Wk  interrupt.o [4]
_interrupt_16           0x00a282         Code  Wk  interrupt.o [4]
_interrupt_17           0x00a282         Code  Wk  interrupt.o [4]
_interrupt_18           0x00a282         Code  Wk  interrupt.o [4]
_interrupt_19           0x00a282         Code  Wk  interrupt.o [4]
_interrupt_2            0x00a282         Code  Wk  interrupt.o [4]
_interrupt_20           0x00a282         Code  Wk  interrupt.o [4]
_interrupt_21           0x00a282         Code  Wk  interrupt.o [4]
_interrupt_22           0x00a282         Code  Wk  interrupt.o [4]
_interrupt_23           0x00a282         Code  Wk  interrupt.o [4]
_interrupt_24           0x009a58         Code  Gb  main.o [1]
_interrupt_25           0x00a282         Code  Wk  interrupt.o [4]
_interrupt_26           0x00a282         Code  Wk  interrupt.o [4]
_interrupt_27           0x00a282         Code  Wk  interrupt.o [4]
_interrupt_28           0x00a282         Code  Wk  interrupt.o [4]
_interrupt_29           0x00a282         Code  Wk  interrupt.o [4]
_interrupt_3            0x00a282         Code  Wk  interrupt.o [4]
_interrupt_30           0x00a282         Code  Wk  interrupt.o [4]
_interrupt_31           0x00a282         Code  Wk  interrupt.o [4]
_interrupt_4            0x00a282         Code  Wk  interrupt.o [4]
_interrupt_5            0x00a282         Code  Wk  interrupt.o [4]
_interrupt_6            0x00a282         Code  Wk  interrupt.o [4]
_interrupt_7            0x00a282         Code  Wk  interrupt.o [4]
_interrupt_8            0x00a282         Code  Wk  interrupt.o [4]
_interrupt_9            0x00a282         Code  Wk  interrupt.o [4]
delay_ms                0x00a05d   0x13  Code  Gb  main.o [1]
div                     0x009dd1   0x30  Code  Gb  div.o [4]
exit                    0x00a288    0x3  Code  Gb  exit.o [4]
fputc                   0x00a10e    0xa  Code  Gb  UART.o [1]
free                    0x0098de   0xe4  Code  Gb  xxmemxfree.o [4]
localeconv              0x00a0c7    0xd  Code  Gb  localeconv.o [4]
main                    0x009ed2   0x20  Code  Gb  main.o [1]
malloc                  0x0099c2   0x96  Code  Gb  xxmemxmalloc.o [4]
memcpy                  0x009e58   0x25  Code  Gb  memcpy.o [4]
obuf                    0x000062   0x50  Data  Lc  xfiles.o [4]
pad                     0x009d3d   0x32  Code  Lc  xprintffull.o [4]
printf                  0x009ef2   0x20  Code  Gb  printf.o [4]
putchar                 0x00a21f    0x7  Code  Gb  putchar.o [4]
scale                   0x009ba5   0x43  Code  Lc  xprintffull.o [4]
strlen                  0x00a0a8   0x12  Code  Gb  strlen.o [4]


[1] = C:\Users\Administrator\Desktop\ÎÒµÄ³ÌÐò\STM8\1²Ù×÷¼Ä´æÆ÷\11AD×ª»»ÊµÑé\Debug\Obj
[2] = command line
[3] = dbgstm8smd.a
[4] = dlstm8smf.a

  8 551 bytes of readonly  code memory
    387 bytes of readonly  data memory
    721 bytes of readwrite data memory

Errors: none
Warnings: none
